40078000,len:15564
ho 0 tail 12 room 4
load:0x40080400,len:4
load:uï¿½ï¿½Â•ï¿½5
clk_drv:0x00,q_drv:0x00,d_drv:0x00,cs0_drv:0x00,hd_drv:0x00,wp_drv:0x00
mode:DIO, clock div:2
load:0x3fff0030,len:7176
load:0x40078000,len:15564
ho 0 tail 12 room 4
load:0x40080400,len:4
load:0ets Jul 29 2019 12:21:46

rst:0x1 (POWERON_RESET),boot:0x13 (SPI_FAST_FLASH_BOOT)
configsip: 0, SPIWP:0xee
clk_drv:0x00,q_drv:0x00,d_drv:0x00,cs0_drv:0x00,hd_drv:0x00,wp_drv:0x00
mode:DIO, clock div:2
load:0x3fff0030,len:7176
load:0x40078000,len:15564
ho 0 tail 12 room 4
load:0x40080400,len:4
load:0x40080404,len:3904
entry 0x40080640
[0;32mI (31) boot: ESP-IDF v5.3 2nd stage bootloader[0m
[0;32mI (31) boot: compile time Sep  3 2025 11:54:42[0m
[0;32mI (31) boot: Multicore bootloader[0m
[0;32mI (35) boot: chip revision: v3.1[0m
[0;32mI (39) boot.esp32: SPI Speed      : 40MHz[0m
[0;32mI (44) boot.esp32: SPI Mode       : DIO[0m
[0;32mI (48) boot.esp32: SPI Flash Size : 2MB[0m
[0;32mI (53) boot: Enabling RNG early entropy source...[0m
[0;32mI (58) boot: Partition Table:[0m
[0;32mI (62) boot: ## Label            Usage          Type ST Offset   Length[0m
[0;32mI (69) boot:  0 nvs              WiFi data        01 02 00009000 00006000[0m
[0;32mI (76) boot:  1 phy_init         RF data          01 01 0000f000 00001000[0m
[0;32mI (84) boot:  2 factory          factory app      00 00 00010000 00100000[0m
[0;32mI (91) boot: End of partition table[0m
[0;32mI (96) esp_image: segment 0: paddr=00010020 vaddr=3f400020 size=09c1ch ( 39964) map[0m
[0;32mI (118) esp_image: segment 1: paddr=00019c44 vaddr=3ffb0000 size=02354h (  9044) load[0m
[0;32mI (121) esp_image: segment 2: paddr=0001bfa0 vaddr=40080000 size=04078h ( 16504) load[0m
[0;32mI (130) esp_image: segment 3: paddr=00020020 vaddr=400d0020 size=14854h ( 84052) map[0m
[0;32mI (161) esp_image: segment 4: paddr=0003487c vaddr=40084078 size=089a8h ( 35240) load[0m
[0;32mI (181) boot: Loaded app from partition at offset 0x10000[0m
[0;32mI (181) boot: Disabling RNG early entropy source...[0m
[0;32mI (193) cpu_start: Multicore app[0m
[0;32mI (202) cpu_start: Pro cpu start user code[0m
[0;32mI (202) cpu_start: cpu freq: 160000000 Hz[0m
[0;32mI (202) app_init: Application information:[0m
[0;32mI (205) app_init: Project name:     blinky[0m
[0;32mI (209) app_init: App version:      v5.3[0m
[0;32mI (214) app_init: Compile time:     Sep  3 2025 11:54:54[0m
[0;32mI (220) app_init: ELF file SHA256:  303adc345...[0m
[0;32mI (225) app_init: ESP-IDF:          v5.3[0m
[0;32mI (230) efuse_init: Min chip rev:     v0.0[0m
[0;32mI (235) efuse_init: Max chip rev:     v3.99 [0m
[0;32mI (240) efuse_init: Chip rev:         v3.1[0m
[0;32mI (245) heap_init: Initializing. RAM available for dynamic allocation:[0m
[0;32mI (252) heap_init: At 3FFAE6E0 len 00001920 (6 KiB): DRAM[0m
[0;32mI (258) heap_init: At 3FFB2C20 len 0002D3E0 (180 KiB): DRAM[0m
[0;32mI (264) heap_init: At 3FFE0440 len 00003AE0 (14 KiB): D/IRAM[0m
[0;32mI (270) heap_init: At 3FFE4350 len 0001BCB0 (111 KiB): D/IRAM[0m
[0;32mI (277) heap_init: At 4008CA20 len 000135E0 (77 KiB): IRAM[0m
[0;32mI (285) spi_flash: detected chip: generic[0m
[0;32mI (288) spi_flash: flash io: dio[0m
[0;33mW (292) spi_flash: Detected size(4096k) larger than the size in the binary image header(2048k). Using the size in the binary image header.[0m
[0;32mI (305) main_task: Started on CPU0[0m
[0;32mI (315) main_task: Calling app_main()[0m
[0;32mI (315) gpio: GPIO[2]| InputEn: 0| OutputEn: 0| OpenDrain: 0| Pullup: 1| Pulldown: 0| Intr:0 [0m
[0;32mI (315) gpio: GPIO[23]| InputEn: 0| OutputEn: 0| OpenDrain: 0| Pullup: 1| Pulldown: 0| Intr:0 [0m
[0;31mE (5315) task_wdt: Task watchdog got triggered. The following tasks/users did not reset the watchdog in time:[0m
[0;31mE (5315) task_wdt:  - IDLE0 (CPU 0)[0m
[0;31mE (5315) task_wdt: Tasks currently running:[0m
[0;31mE (5315) task_wdt: CPU 0: main[0m
[0;31mE (5315) task_wdt: CPU 1: IDLE1[0m
[0;31mE (5315) task_wdt: Print CPU 0 (current core) backtrace[0m


Backtrace: 0x400D7ED3:0x3FFB0F70 0x400D8298:0x3FFB0F90 0x40082D71:0x3FFB0FC0 0x400D678A:0x3FFB3EB0 0x400D5E71:0x3FFB3EF0 0x400E400C:0x3FFB3F10 0x40085DFD:0x3FFB3F40

[0;31mE (10315) task_wdt: Task watchdog got triggered. The following tasks/users did not reset the watchdog in time:[0m
[0;31mE (10315) task_wdt:  - IDLE0 (CPU 0)[0m
[0;31mE (10315) task_wdt: Tasks currently running:[0m
[0;31mE (10315) task_wdt: CPU 0: main[0m
[0;31mE (10315) task_wdt: CPU 1: IDLE1[0m
[0;31mE (10315) task_wdt: Print CPU 0 (current core) backtrace[0m


Backtrace: 0x400D7ED3:0x3FFB0F70 0x400D8298:0x3FFB0F90 0x40082D71:0x3FFB0FC0 0x400D5E68:0x3FFB3EF0 0x400E400C:0x3FFB3F10 0x40085DFD:0x3FFB3F40

[0;31mE (15315) task_wdt: Task watchdog got triggered. The following tasks/users did not reset the watchdog in time:[0m
[0;31mE (15315) task_wdt:  - IDLE0 (CPU 0)[0m
[0;31mE (15315) task_wdt: Tasks currently running:[0m
[0;31mE (15315) task_wdt: CPU 0: main[0m
[0;31mE (15315) task_wdt: CPU 1: IDLE1[0m
[0;31mE (15315) task_wdt: Print CPU 0 (current core) backtrace[0m


Backtrace: 0x400D7ED3:0x3FFB0F70 0x400D8298:0x3FFB0F90 0x40082D71:0x3FFB0FC0 0x400D67A1:0x3FFB3EB0 0x400D5E71:0x3FFB3EF0 0x400E400C:0x3FFB3F10 0x40085DFD:0x3FFB3F40

[0;31mE (20315) task_wdt: Task watchdog got triggered. The following tasks/users did not reset the watchdog in time:[0m
[0;31mE (20315) task_wdt:  - IDLE0 (CPU 0)[0m
[0;31mE (20315) task_wdt: Tasks currently running:[0m
[0;31mE (20315) task_wdt: CPU 0: main[0m
[0;31mE (20315) task_wdt: CPU 1: IDLE1[0m
[0;31mE (20315) task_wdt: Print CPU 0 (current core) backtrace[0m


Backtrace: 0x400D7ED3:0x3FFB0F70 0x400D8298:0x3FFB0F90 0x40082D71:0x3FFB0FC0 0x400D683C:0x3FFB3EC0 0x400D5E68:0x3FFB3EF0 0x400E400C:0x3FFB3F10 0x40085DFD:0x3FFB3F40

